Using pre-set license
Built from '2022.3/staging' branch; Version is '2022.3.1f1 (f18e0c1b5784) revision 15830540'; Using compiler version '192829333'; Build Type 'Release'
OS: 'Windows 11  (10.0.26200) 64bit Core' Language: 'en' Physical Memory: 16208 MB
BatchMode: 1, IsHumanControllingUs: 0, StartBugReporterOnCrash: 0, Is64bit: 1, IsPro: 1

COMMAND LINE ARGUMENTS:
C:\Program Files\Unity\Hub\Editor\2022.3.1f1\Editor\Unity.exe
-adb2
-batchMode
-noUpm
-name
AssetImportWorker0
-projectPath
C:/Users/eliar/Desktop/04 vr ar and spatial cmputing/2025-vasc-project-AlmanUtan/AR-Xmas
-logFile
Logs/AssetImportWorker0.log
-srvPort
55038
Successfully changed project path to: C:/Users/eliar/Desktop/04 vr ar and spatial cmputing/2025-vasc-project-AlmanUtan/AR-Xmas
C:/Users/eliar/Desktop/04 vr ar and spatial cmputing/2025-vasc-project-AlmanUtan/AR-Xmas
[UnityMemory] Configuration Parameters - Can be set up in boot.config
    "memorysetup-bucket-allocator-granularity=16"
    "memorysetup-bucket-allocator-bucket-count=8"
    "memorysetup-bucket-allocator-block-size=33554432"
    "memorysetup-bucket-allocator-block-count=8"
    "memorysetup-main-allocator-block-size=16777216"
    "memorysetup-thread-allocator-block-size=16777216"
    "memorysetup-gfx-main-allocator-block-size=16777216"
    "memorysetup-gfx-thread-allocator-block-size=16777216"
    "memorysetup-cache-allocator-block-size=4194304"
    "memorysetup-typetree-allocator-block-size=2097152"
    "memorysetup-profiler-bucket-allocator-granularity=16"
    "memorysetup-profiler-bucket-allocator-bucket-count=8"
    "memorysetup-profiler-bucket-allocator-block-size=33554432"
    "memorysetup-profiler-bucket-allocator-block-count=8"
    "memorysetup-profiler-allocator-block-size=16777216"
    "memorysetup-profiler-editor-allocator-block-size=1048576"
    "memorysetup-temp-allocator-size-main=16777216"
    "memorysetup-job-temp-allocator-block-size=2097152"
    "memorysetup-job-temp-allocator-block-size-background=1048576"
    "memorysetup-job-temp-allocator-reduction-small-platforms=262144"
    "memorysetup-allocator-temp-initial-block-size-main=262144"
    "memorysetup-allocator-temp-initial-block-size-worker=262144"
    "memorysetup-temp-allocator-size-background-worker=32768"
    "memorysetup-temp-allocator-size-job-worker=262144"
    "memorysetup-temp-allocator-size-preload-manager=33554432"
    "memorysetup-temp-allocator-size-nav-mesh-worker=65536"
    "memorysetup-temp-allocator-size-audio-worker=65536"
    "memorysetup-temp-allocator-size-cloud-worker=32768"
    "memorysetup-temp-allocator-size-gi-baking-worker=262144"
    "memorysetup-temp-allocator-size-gfx=262144"
Player connection [5616] Host "[IP] 192.168.178.164 [Port] 0 [Flags] 2 [Guid] 2841383768 [EditorId] 2841383768 [Version] 1048832 [Id] WindowsEditor(7,frischerfisch) [Debug] 1 [PackageName] WindowsEditor [ProjectName] Editor" joined multi-casting on [225.0.0.222:54997]...

Player connection [5616] Host "[IP] 192.168.178.164 [Port] 0 [Flags] 2 [Guid] 2841383768 [EditorId] 2841383768 [Version] 1048832 [Id] WindowsEditor(7,frischerfisch) [Debug] 1 [PackageName] WindowsEditor [ProjectName] Editor" joined alternative multi-casting on [225.0.0.222:34997]...

Refreshing native plugins compatible for Editor in 12.07 ms, found 4 plugins.
Preloading 0 native plugins for Editor in 0.00 ms.
Initialize engine version: 2022.3.1f1 (f18e0c1b5784)
[Subsystems] Discovering subsystems at path C:/Program Files/Unity/Hub/Editor/2022.3.1f1/Editor/Data/Resources/UnitySubsystems
[Subsystems] Discovering subsystems at path C:/Users/eliar/Desktop/04 vr ar and spatial cmputing/2025-vasc-project-AlmanUtan/AR-Xmas/Assets
GfxDevice: creating device client; threaded=0; jobified=0
Direct3D:
    Version:  Direct3D 11.0 [level 11.1]
    Renderer: Intel(R) Iris(R) Xe Graphics (ID=0x46a8)
    Vendor:   Intel
    VRAM:     8104 MB
    Driver:   32.0.101.6737
Initialize mono
Mono path[0] = 'C:/Program Files/Unity/Hub/Editor/2022.3.1f1/Editor/Data/Managed'
Mono path[1] = 'C:/Program Files/Unity/Hub/Editor/2022.3.1f1/Editor/Data/MonoBleedingEdge/lib/mono/unityjit-win32'
Mono config path = 'C:/Program Files/Unity/Hub/Editor/2022.3.1f1/Editor/Data/MonoBleedingEdge/etc'
Using monoOptions --debugger-agent=transport=dt_socket,embedding=1,server=y,suspend=n,address=127.0.0.1:56608
Begin MonoManager ReloadAssembly
Registering precompiled unity dll's ...
Register platform support module: C:/Program Files/Unity/Hub/Editor/2022.3.1f1/Editor/Data/PlaybackEngines/AndroidPlayer/UnityEditor.Android.Extensions.dll
Register platform support module: C:/Program Files/Unity/Hub/Editor/2022.3.1f1/Editor/Data/PlaybackEngines/iOSSupport/UnityEditor.iOS.Extensions.dll
Register platform support module: C:/Program Files/Unity/Hub/Editor/2022.3.1f1/Editor/Data/PlaybackEngines/WindowsStandaloneSupport/UnityEditor.WindowsStandalone.Extensions.dll
Registered in 0.011092 seconds.
- Loaded All Assemblies, in  0.370 seconds
Native extension for WindowsStandalone target not found
[usbmuxd] Start listen thread
[usbmuxd] Listen thread started
[usbmuxd] Send listen message
Native extension for iOS target not found
Native extension for Android target not found
Android Extension - Scanning For ADB Devices 2397 ms
Mono: successfully reloaded assembly
- Finished resetting the current domain, in  2.755 seconds
Domain Reload Profiling: 3124ms
	BeginReloadAssembly (111ms)
		ExecutionOrderSort (0ms)
		DisableScriptedObjects (0ms)
		BackupInstance (0ms)
		ReleaseScriptingObjects (0ms)
		CreateAndSetChildDomain (1ms)
	RebuildCommonClasses (30ms)
	RebuildNativeTypeToScriptingClass (8ms)
	initialDomainReloadingComplete (66ms)
	LoadAllAssembliesAndSetupDomain (152ms)
		LoadAssemblies (110ms)
		RebuildTransferFunctionScriptingTraits (0ms)
		AnalyzeDomain (142ms)
			TypeCache.Refresh (141ms)
				TypeCache.ScanAssembly (132ms)
			ScanForSourceGeneratedMonoScriptInfo (0ms)
			ResolveRequiredComponents (0ms)
	FinalizeReload (2756ms)
		ReleaseScriptCaches (0ms)
		RebuildScriptCaches (0ms)
		SetupLoadedEditorAssemblies (2683ms)
			LogAssemblyErrors (0ms)
			InitializePlatformSupportModulesInManaged (2550ms)
			SetLoadedEditorAssemblies (3ms)
			RefreshPlugins (0ms)
			BeforeProcessingInitializeOnLoad (2ms)
			ProcessInitializeOnLoadAttributes (89ms)
			ProcessInitializeOnLoadMethodAttributes (39ms)
			AfterProcessingInitializeOnLoad (0ms)
			EditorAssembliesLoaded (0ms)
		ExecutionOrderSort2 (0ms)
		AwakeInstancesAfterBackupRestoration (0ms)
========================================================================
Worker process is ready to serve import requests
Begin MonoManager ReloadAssembly
- Loaded All Assemblies, in  1.042 seconds
Refreshing native plugins compatible for Editor in 10.80 ms, found 4 plugins.
Native extension for WindowsStandalone target not found
Native extension for iOS target not found
Native extension for Android target not found
Mono: successfully reloaded assembly
Package Manager log level set to [2]
[Package Manager] Server::EnsureServerProcessIsRunning -- launch failed, reason: Unity was launched with the -noUpm command-line argument
[Package Manager] UpmClient::Send -- Unable to send message (not connected to UPM process).
[Package Manager] Cannot connect to Unity Package Manager local server
[Package Manager] Server::EnsureServerProcessIsRunning -- launch failed, reason: Unity was launched with the -noUpm command-line argument
[Package Manager] UpmClient::Send -- Unable to send message (not connected to UPM process).
[Package Manager] Cannot connect to Unity Package Manager local server
- Finished resetting the current domain, in  1.033 seconds
Domain Reload Profiling: 2070ms
	BeginReloadAssembly (171ms)
		ExecutionOrderSort (0ms)
		DisableScriptedObjects (6ms)
		BackupInstance (0ms)
		ReleaseScriptingObjects (0ms)
		CreateAndSetChildDomain (26ms)
	RebuildCommonClasses (33ms)
	RebuildNativeTypeToScriptingClass (10ms)
	initialDomainReloadingComplete (55ms)
	LoadAllAssembliesAndSetupDomain (767ms)
		LoadAssemblies (431ms)
		RebuildTransferFunctionScriptingTraits (0ms)
		AnalyzeDomain (408ms)
			TypeCache.Refresh (354ms)
				TypeCache.ScanAssembly (341ms)
			ScanForSourceGeneratedMonoScriptInfo (39ms)
			ResolveRequiredComponents (14ms)
	FinalizeReload (1033ms)
		ReleaseScriptCaches (0ms)
		RebuildScriptCaches (0ms)
		SetupLoadedEditorAssemblies (760ms)
			LogAssemblyErrors (0ms)
			InitializePlatformSupportModulesInManaged (35ms)
			SetLoadedEditorAssemblies (3ms)
			RefreshPlugins (0ms)
			BeforeProcessingInitializeOnLoad (103ms)
			ProcessInitializeOnLoadAttributes (486ms)
			ProcessInitializeOnLoadMethodAttributes (125ms)
			AfterProcessingInitializeOnLoad (8ms)
			EditorAssembliesLoaded (0ms)
		ExecutionOrderSort2 (0ms)
		AwakeInstancesAfterBackupRestoration (11ms)
Launched and connected shader compiler UnityShaderCompiler.exe after 0.08 seconds
Refreshing native plugins compatible for Editor in 9.49 ms, found 4 plugins.
Preloading 0 native plugins for Editor in 0.00 ms.
Unloading 7134 Unused Serialized files (Serialized files now loaded: 0)
Unloading 106 unused Assets / (1.7 MB). Loaded Objects now: 7583.
Memory consumption went from 263.4 MB to 261.7 MB.
Total: 5.923900 ms (FindLiveObjects: 0.696600 ms CreateObjectMapping: 0.318500 ms MarkObjects: 4.152700 ms  DeleteObjects: 0.754200 ms)

AssetImportParameters requested are different than current active one (requested -> active):
  custom:container-demuxer-ogg: 62fdf1f143b41e24485cea50d1cbac27 -> 
  custom:framework-win-MediaFoundation: 216162199b28c13a410421893ffa2e32 -> 
  custom:container-muxer-webm: aa71ff27fc2769a1b78a27578f13a17b -> 
  custom:video-decoder-webm-vp8: 9c59270c3fd7afecdb556c50c9e8de78 -> 
  custom:AudioImporter_EditorPlatform: d09bf68614088b80899f8185d706f6e7 -> 
  custom:audio-decoder-ogg-vorbis: bf7c407c2cedff20999df2af8eb42d56 -> 
  custom:audio-encoder-webm-vorbis: bf7c407c2cedff20999df2af8eb42d56 -> 
  custom:video-codec-MediaFoundation-h265: 746d11721c4dcdbdad8f713fa42b33f4 -> 
  custom:video-decoder-ogg-theora: a1e56fd34408186e4bbccfd4996cb3dc -> 
  custom:container-demuxer-webm: 4f35f7cbe854078d1ac9338744f61a02 -> 
  custom:video-encoder-webm-vp8: eb34c28f22e8b96e1ab97ce403110664 -> 
========================================================================
Received Import Request.
  Time since last request: 275330.284866 seconds.
  path: Assets/AR/prefabs/cube r1.prefab
  artifactKey: Guid(a971804112df70d48b2d4d664f423106) Importer(815301076,1909f56bfc062723c751e8b465ee728b)
Start importing Assets/AR/prefabs/cube r1.prefab using Guid(a971804112df70d48b2d4d664f423106) Importer(815301076,1909f56bfc062723c751e8b465ee728b)  -> (artifact id: '2d06307aa38e17651188a0be8f014c90') in 0.019836 seconds
Number of updated asset objects reloaded before import = 0
Number of asset objects unloaded after import = 6
========================================================================
Received Import Request.
  Time since last request: 2.246731 seconds.
  path: Assets/AR/prefabs/cube r1 1.prefab
  artifactKey: Guid(71fc79d52091e284a9225e99e6d711c1) Importer(815301076,1909f56bfc062723c751e8b465ee728b)
Start importing Assets/AR/prefabs/cube r1 1.prefab using Guid(71fc79d52091e284a9225e99e6d711c1) Importer(815301076,1909f56bfc062723c751e8b465ee728b)  -> (artifact id: '09ce8b61a2fa96eb73f6be432bac5c78') in 0.001599 seconds
Number of updated asset objects reloaded before import = 0
Number of asset objects unloaded after import = 6
========================================================================
Received Import Request.
  Time since last request: 6.529103 seconds.
  path: Assets/AR/prefabs/cube r2.prefab
  artifactKey: Guid(71fc79d52091e284a9225e99e6d711c1) Importer(815301076,1909f56bfc062723c751e8b465ee728b)
Start importing Assets/AR/prefabs/cube r2.prefab using Guid(71fc79d52091e284a9225e99e6d711c1) Importer(815301076,1909f56bfc062723c751e8b465ee728b)  -> (artifact id: 'e40ccd2c5489fb6e6f79631030ea740d') in 0.003528 seconds
Number of updated asset objects reloaded before import = 0
Number of asset objects unloaded after import = 6
========================================================================
Received Import Request.
  Time since last request: 117.681960 seconds.
  path: Assets/AR/prefabs/cube r2.prefab
  artifactKey: Guid(71fc79d52091e284a9225e99e6d711c1) Importer(815301076,1909f56bfc062723c751e8b465ee728b)
Start importing Assets/AR/prefabs/cube r2.prefab using Guid(71fc79d52091e284a9225e99e6d711c1) Importer(815301076,1909f56bfc062723c751e8b465ee728b)  -> (artifact id: 'ce3eb6d87e312d2009ccf4051aa77a8b') in 0.003036 seconds
Number of updated asset objects reloaded before import = 0
Number of asset objects unloaded after import = 36
========================================================================
Received Import Request.
  Time since last request: 8.660956 seconds.
  path: Assets/AR/prefabs/cube r2 1.prefab
  artifactKey: Guid(1add7ccfd4d512145a8435e7ebd06c6e) Importer(815301076,1909f56bfc062723c751e8b465ee728b)
Start importing Assets/AR/prefabs/cube r2 1.prefab using Guid(1add7ccfd4d512145a8435e7ebd06c6e) Importer(815301076,1909f56bfc062723c751e8b465ee728b)  -> (artifact id: '2c11c7d87650643752315d3209fb4da7') in 0.001653 seconds
Number of updated asset objects reloaded before import = 0
Number of asset objects unloaded after import = 36
========================================================================
Received Import Request.
  Time since last request: 9.160438 seconds.
  path: Assets/AR/prefabs/cube r3.prefab
  artifactKey: Guid(1add7ccfd4d512145a8435e7ebd06c6e) Importer(815301076,1909f56bfc062723c751e8b465ee728b)
Start importing Assets/AR/prefabs/cube r3.prefab using Guid(1add7ccfd4d512145a8435e7ebd06c6e) Importer(815301076,1909f56bfc062723c751e8b465ee728b)  -> (artifact id: 'c103d5fa0a2d6695fabc9b8baa69872d') in 0.002017 seconds
Number of updated asset objects reloaded before import = 0
Number of asset objects unloaded after import = 36
========================================================================
Received Import Request.
  Time since last request: 441.858548 seconds.
  path: Assets/AR/prefabs/cube r2.prefab
  artifactKey: Guid(71fc79d52091e284a9225e99e6d711c1) Importer(815301076,1909f56bfc062723c751e8b465ee728b)
Start importing Assets/AR/prefabs/cube r2.prefab using Guid(71fc79d52091e284a9225e99e6d711c1) Importer(815301076,1909f56bfc062723c751e8b465ee728b)  -> (artifact id: '009e3016f4ec266c19668c75753a95b2') in 0.003230 seconds
Number of updated asset objects reloaded before import = 0
Number of asset objects unloaded after import = 56
========================================================================
Received Import Request.
  Time since last request: 14.972417 seconds.
  path: Assets/AR/prefabs/cube r23.prefab
  artifactKey: Guid(71fc79d52091e284a9225e99e6d711c1) Importer(815301076,1909f56bfc062723c751e8b465ee728b)
Start importing Assets/AR/prefabs/cube r23.prefab using Guid(71fc79d52091e284a9225e99e6d711c1) Importer(815301076,1909f56bfc062723c751e8b465ee728b)  -> (artifact id: '8783f5263c01e366cab2e2a604a22e95') in 0.002326 seconds
Number of updated asset objects reloaded before import = 0
Number of asset objects unloaded after import = 56
========================================================================
Received Import Request.
  Time since last request: 4.403528 seconds.
  path: Assets/AR/prefabs/cube r2.prefab
  artifactKey: Guid(1add7ccfd4d512145a8435e7ebd06c6e) Importer(815301076,1909f56bfc062723c751e8b465ee728b)
Start importing Assets/AR/prefabs/cube r2.prefab using Guid(1add7ccfd4d512145a8435e7ebd06c6e) Importer(815301076,1909f56bfc062723c751e8b465ee728b)  -> (artifact id: '938f5c3c20ea5befa91e0f804dba71ac') in 0.001847 seconds
Number of updated asset objects reloaded before import = 0
Number of asset objects unloaded after import = 36
========================================================================
Received Import Request.
  Time since last request: 12.708772 seconds.
  path: Assets/AR/prefabs/cube r3.prefab
  artifactKey: Guid(71fc79d52091e284a9225e99e6d711c1) Importer(815301076,1909f56bfc062723c751e8b465ee728b)
Start importing Assets/AR/prefabs/cube r3.prefab using Guid(71fc79d52091e284a9225e99e6d711c1) Importer(815301076,1909f56bfc062723c751e8b465ee728b)  -> (artifact id: 'b4031c971ae4c938c376d050f3c9e0dd') in 0.002177 seconds
Number of updated asset objects reloaded before import = 0
Number of asset objects unloaded after import = 56
========================================================================
Received Import Request.
  Time since last request: 382.296497 seconds.
  path: Assets/AR/prefabs/cube r3.prefab
  artifactKey: Guid(71fc79d52091e284a9225e99e6d711c1) Importer(815301076,1909f56bfc062723c751e8b465ee728b)
Start importing Assets/AR/prefabs/cube r3.prefab using Guid(71fc79d52091e284a9225e99e6d711c1) Importer(815301076,1909f56bfc062723c751e8b465ee728b)  -> (artifact id: 'f52acd2ad3775bd66149421ae2328de8') in 0.009879 seconds
Number of updated asset objects reloaded before import = 0
Number of asset objects unloaded after import = 166
========================================================================
Received Import Request.
  Time since last request: 2.441650 seconds.
  path: Assets/AR/prefabs/cube r2.prefab
  artifactKey: Guid(1add7ccfd4d512145a8435e7ebd06c6e) Importer(815301076,1909f56bfc062723c751e8b465ee728b)
Start importing Assets/AR/prefabs/cube r2.prefab using Guid(1add7ccfd4d512145a8435e7ebd06c6e) Importer(815301076,1909f56bfc062723c751e8b465ee728b)  -> (artifact id: 'e15e793e5b9d16a1e2f8bc1c62b3a69d') in 0.001890 seconds
Number of updated asset objects reloaded before import = 0
Number of asset objects unloaded after import = 36
========================================================================
Received Import Request.
  Time since last request: 5.363721 seconds.
  path: Assets/AR/prefabs/cube r3 1.prefab
  artifactKey: Guid(65f1f026eb98e474fa89c25f56877934) Importer(815301076,1909f56bfc062723c751e8b465ee728b)
Start importing Assets/AR/prefabs/cube r3 1.prefab using Guid(65f1f026eb98e474fa89c25f56877934) Importer(815301076,1909f56bfc062723c751e8b465ee728b)  -> (artifact id: '49ebc595fcff0860a4046cddaa7b95e4') in 0.004385 seconds
Number of updated asset objects reloaded before import = 0
Number of asset objects unloaded after import = 166
========================================================================
Received Import Request.
  Time since last request: 10.445942 seconds.
  path: Assets/AR/prefabs/cube r4.prefab
  artifactKey: Guid(65f1f026eb98e474fa89c25f56877934) Importer(815301076,1909f56bfc062723c751e8b465ee728b)
Start importing Assets/AR/prefabs/cube r4.prefab using Guid(65f1f026eb98e474fa89c25f56877934) Importer(815301076,1909f56bfc062723c751e8b465ee728b)  -> (artifact id: 'c51f93a37c2e26850c57a279f54871e7') in 0.003433 seconds
Number of updated asset objects reloaded before import = 0
Number of asset objects unloaded after import = 166
========================================================================
Received Import Request.
  Time since last request: 608.491643 seconds.
  path: Assets/AR/prefabs/cube r1.prefab
  artifactKey: Guid(a971804112df70d48b2d4d664f423106) Importer(815301076,1909f56bfc062723c751e8b465ee728b)
Start importing Assets/AR/prefabs/cube r1.prefab using Guid(a971804112df70d48b2d4d664f423106) Importer(815301076,1909f56bfc062723c751e8b465ee728b)  -> (artifact id: 'dcc1337f0757305b5f5131a54f162bfa') in 0.003508 seconds
Number of updated asset objects reloaded before import = 0
Number of asset objects unloaded after import = 6
========================================================================
Received Import Request.
  Time since last request: 168.077764 seconds.
  path: Assets/AR/prefabs/cube r3.prefab
  artifactKey: Guid(71fc79d52091e284a9225e99e6d711c1) Importer(815301076,1909f56bfc062723c751e8b465ee728b)
Start importing Assets/AR/prefabs/cube r3.prefab using Guid(71fc79d52091e284a9225e99e6d711c1) Importer(815301076,1909f56bfc062723c751e8b465ee728b)  -> (artifact id: 'a9d023453cf96b29f55c54869d80a3c9') in 0.003359 seconds
Number of updated asset objects reloaded before import = 0
Number of asset objects unloaded after import = 81
========================================================================
Received Import Request.
  Time since last request: 128.403583 seconds.
  path: Assets/AR/prefabs/TreeSwitchRoot.prefab
  artifactKey: Guid(490539a547820644da5eef4bd77e5525) Importer(815301076,1909f56bfc062723c751e8b465ee728b)
Start importing Assets/AR/prefabs/TreeSwitchRoot.prefab using Guid(490539a547820644da5eef4bd77e5525) Importer(815301076,1909f56bfc062723c751e8b465ee728b)  -> (artifact id: 'e893575e3db6999237550e2d4ab933e4') in 0.017614 seconds
Number of updated asset objects reloaded before import = 0
Number of asset objects unloaded after import = 180
========================================================================
Received Import Request.
  Time since last request: 138.490696 seconds.
  path: Assets/AR/prefabs/cube r3.prefab
  artifactKey: Guid(71fc79d52091e284a9225e99e6d711c1) Importer(815301076,1909f56bfc062723c751e8b465ee728b)
Start importing Assets/AR/prefabs/cube r3.prefab using Guid(71fc79d52091e284a9225e99e6d711c1) Importer(815301076,1909f56bfc062723c751e8b465ee728b)  -> (artifact id: 'f46382473780d0aa3e43da06bda6e9db') in 0.002943 seconds
Number of updated asset objects reloaded before import = 0
Number of asset objects unloaded after import = 81
========================================================================
Received Import Request.
  Time since last request: 1.227220 seconds.
  path: Assets/AR/prefabs/cube r3 1.prefab
  artifactKey: Guid(654439b342586ba48bee32eca0e216bb) Importer(815301076,1909f56bfc062723c751e8b465ee728b)
Start importing Assets/AR/prefabs/cube r3 1.prefab using Guid(654439b342586ba48bee32eca0e216bb) Importer(815301076,1909f56bfc062723c751e8b465ee728b)  -> (artifact id: 'e199700280ce7c7fee3f18fe1254c2f9') in 0.002497 seconds
Number of updated asset objects reloaded before import = 0
Number of asset objects unloaded after import = 81
========================================================================
Received Import Request.
  Time since last request: 5.968959 seconds.
  path: Assets/AR/prefabs/cube r4.prefab
  artifactKey: Guid(654439b342586ba48bee32eca0e216bb) Importer(815301076,1909f56bfc062723c751e8b465ee728b)
Start importing Assets/AR/prefabs/cube r4.prefab using Guid(654439b342586ba48bee32eca0e216bb) Importer(815301076,1909f56bfc062723c751e8b465ee728b)  -> (artifact id: 'e251a2a2220f9346c28bef10688ce377') in 0.002005 seconds
Number of updated asset objects reloaded before import = 0
Number of asset objects unloaded after import = 81
========================================================================
Received Import Request.
  Time since last request: 36.967607 seconds.
  path: Assets/AR/prefabs/cube r4.prefab
  artifactKey: Guid(654439b342586ba48bee32eca0e216bb) Importer(815301076,1909f56bfc062723c751e8b465ee728b)
Start importing Assets/AR/prefabs/cube r4.prefab using Guid(654439b342586ba48bee32eca0e216bb) Importer(815301076,1909f56bfc062723c751e8b465ee728b)  -> (artifact id: '73e069ec181d61291fab0df098193296') in 0.002816 seconds
Number of updated asset objects reloaded before import = 0
Number of asset objects unloaded after import = 56
========================================================================
Received Import Request.
  Time since last request: 432.062519 seconds.
  path: Assets/AR/prefabs/TreeSwitchRoot.prefab
  artifactKey: Guid(490539a547820644da5eef4bd77e5525) Importer(815301076,1909f56bfc062723c751e8b465ee728b)
Start importing Assets/AR/prefabs/TreeSwitchRoot.prefab using Guid(490539a547820644da5eef4bd77e5525) Importer(815301076,1909f56bfc062723c751e8b465ee728b)  -> (artifact id: 'bd2709c1a25cd43b4834636e06b9f4e1') in 0.004027 seconds
Number of updated asset objects reloaded before import = 0
Number of asset objects unloaded after import = 182
========================================================================
Received Import Request.
  Time since last request: 90.719408 seconds.
  path: Assets/AR/prefabs/cube r4.prefab
  artifactKey: Guid(654439b342586ba48bee32eca0e216bb) Importer(815301076,1909f56bfc062723c751e8b465ee728b)
Start importing Assets/AR/prefabs/cube r4.prefab using Guid(654439b342586ba48bee32eca0e216bb) Importer(815301076,1909f56bfc062723c751e8b465ee728b)  -> (artifact id: '770e4705bc5bcaf3ad44c989f55c5934') in 0.006254 seconds
Number of updated asset objects reloaded before import = 0
Number of asset objects unloaded after import = 191
========================================================================
Received Import Request.
  Time since last request: 1.288806 seconds.
  path: Assets/AR/prefabs/cube r4 1.prefab
  artifactKey: Guid(c0274ece741629546816afd78df408c4) Importer(815301076,1909f56bfc062723c751e8b465ee728b)
Start importing Assets/AR/prefabs/cube r4 1.prefab using Guid(c0274ece741629546816afd78df408c4) Importer(815301076,1909f56bfc062723c751e8b465ee728b)  -> (artifact id: 'f920ae23d3bc74dba3785075b7633840') in 0.002507 seconds
Number of updated asset objects reloaded before import = 0
Number of asset objects unloaded after import = 191
========================================================================
Received Import Request.
  Time since last request: 6.241022 seconds.
  path: Assets/AR/prefabs/cube r5.prefab
  artifactKey: Guid(c0274ece741629546816afd78df408c4) Importer(815301076,1909f56bfc062723c751e8b465ee728b)
Start importing Assets/AR/prefabs/cube r5.prefab using Guid(c0274ece741629546816afd78df408c4) Importer(815301076,1909f56bfc062723c751e8b465ee728b)  -> (artifact id: '6243f941f6c5b89fd986249193296fc0') in 0.002586 seconds
Number of updated asset objects reloaded before import = 0
Number of asset objects unloaded after import = 191
========================================================================
Received Import Request.
  Time since last request: 555.936322 seconds.
  path: Assets/AR/prefabs/TreeSwitchRoot.prefab
  artifactKey: Guid(490539a547820644da5eef4bd77e5525) Importer(815301076,1909f56bfc062723c751e8b465ee728b)
Start importing Assets/AR/prefabs/TreeSwitchRoot.prefab using Guid(490539a547820644da5eef4bd77e5525) Importer(815301076,1909f56bfc062723c751e8b465ee728b)  -> (artifact id: '3b4a0e3343797a2761c43d62f5c53525') in 0.011624 seconds
Number of updated asset objects reloaded before import = 0
Number of asset objects unloaded after import = 370
========================================================================
Received Prepare
Begin MonoManager ReloadAssembly
- Loaded All Assemblies, in  4.201 seconds
Refreshing native plugins compatible for Editor in 15.82 ms, found 4 plugins.
Native extension for WindowsStandalone target not found
Native extension for iOS target not found
Native extension for Android target not found
Mono: successfully reloaded assembly
[Package Manager] Server::EnsureServerProcessIsRunning -- launch failed, reason: Unity was launched with the -noUpm command-line argument
[Package Manager] UpmClient::Send -- Unable to send message (not connected to UPM process).
[Package Manager] Cannot connect to Unity Package Manager local server
- Finished resetting the current domain, in 13.224 seconds
Domain Reload Profiling: 17422ms
	BeginReloadAssembly (391ms)
		ExecutionOrderSort (0ms)
		DisableScriptedObjects (14ms)
		BackupInstance (0ms)
		ReleaseScriptingObjects (0ms)
		CreateAndSetChildDomain (182ms)
	RebuildCommonClasses (37ms)
	RebuildNativeTypeToScriptingClass (12ms)
	initialDomainReloadingComplete (35ms)
	LoadAllAssembliesAndSetupDomain (3721ms)
		LoadAssemblies (3020ms)
		RebuildTransferFunctionScriptingTraits (0ms)
		AnalyzeDomain (737ms)
			TypeCache.Refresh (708ms)
				TypeCache.ScanAssembly (653ms)
			ScanForSourceGeneratedMonoScriptInfo (1ms)
			ResolveRequiredComponents (28ms)
	FinalizeReload (13226ms)
		ReleaseScriptCaches (0ms)
		RebuildScriptCaches (0ms)
		SetupLoadedEditorAssemblies (1627ms)
			LogAssemblyErrors (0ms)
			InitializePlatformSupportModulesInManaged (70ms)
			SetLoadedEditorAssemblies (12ms)
			RefreshPlugins (0ms)
			BeforeProcessingInitializeOnLoad (235ms)
			ProcessInitializeOnLoadAttributes (990ms)
			ProcessInitializeOnLoadMethodAttributes (296ms)
			AfterProcessingInitializeOnLoad (22ms)
			EditorAssembliesLoaded (1ms)
		ExecutionOrderSort2 (0ms)
		AwakeInstancesAfterBackupRestoration (20ms)
Refreshing native plugins compatible for Editor in 13.81 ms, found 4 plugins.
Preloading 0 native plugins for Editor in 0.00 ms.
Unloading 6952 Unused Serialized files (Serialized files now loaded: 0)
Unloading 69 unused Assets / (2.5 MB). Loaded Objects now: 7590.
Memory consumption went from 255.6 MB to 253.0 MB.
Total: 8.398700 ms (FindLiveObjects: 0.804800 ms CreateObjectMapping: 0.435800 ms MarkObjects: 6.027500 ms  DeleteObjects: 1.129100 ms)

Prepare: number of updated asset objects reloaded= 0
AssetImportParameters requested are different than current active one (requested -> active):
  custom:container-demuxer-ogg: 62fdf1f143b41e24485cea50d1cbac27 -> 
  custom:framework-win-MediaFoundation: 216162199b28c13a410421893ffa2e32 -> 
  custom:container-muxer-webm: aa71ff27fc2769a1b78a27578f13a17b -> 
  custom:video-decoder-webm-vp8: 9c59270c3fd7afecdb556c50c9e8de78 -> 
  custom:AudioImporter_EditorPlatform: d09bf68614088b80899f8185d706f6e7 -> 
  custom:audio-decoder-ogg-vorbis: bf7c407c2cedff20999df2af8eb42d56 -> 
  custom:audio-encoder-webm-vorbis: bf7c407c2cedff20999df2af8eb42d56 -> 
  custom:video-codec-MediaFoundation-h265: 746d11721c4dcdbdad8f713fa42b33f4 -> 
  custom:video-decoder-ogg-theora: a1e56fd34408186e4bbccfd4996cb3dc -> 
  custom:container-demuxer-webm: 4f35f7cbe854078d1ac9338744f61a02 -> 
  custom:video-encoder-webm-vp8: eb34c28f22e8b96e1ab97ce403110664 -> 
========================================================================
Received Prepare
Begin MonoManager ReloadAssembly
- Loaded All Assemblies, in  0.890 seconds
Refreshing native plugins compatible for Editor in 9.78 ms, found 4 plugins.
Native extension for WindowsStandalone target not found
Native extension for iOS target not found
Native extension for Android target not found
Mono: successfully reloaded assembly
[Package Manager] Server::EnsureServerProcessIsRunning -- launch failed, reason: Unity was launched with the -noUpm command-line argument
[Package Manager] UpmClient::Send -- Unable to send message (not connected to UPM process).
[Package Manager] Cannot connect to Unity Package Manager local server
- Finished resetting the current domain, in  1.825 seconds
Domain Reload Profiling: 2706ms
	BeginReloadAssembly (186ms)
		ExecutionOrderSort (0ms)
		DisableScriptedObjects (6ms)
		BackupInstance (0ms)
		ReleaseScriptingObjects (0ms)
		CreateAndSetChildDomain (55ms)
	RebuildCommonClasses (31ms)
	RebuildNativeTypeToScriptingClass (14ms)
	initialDomainReloadingComplete (29ms)
	LoadAllAssembliesAndSetupDomain (621ms)
		LoadAssemblies (346ms)
		RebuildTransferFunctionScriptingTraits (0ms)
		AnalyzeDomain (338ms)
			TypeCache.Refresh (325ms)
				TypeCache.ScanAssembly (314ms)
			ScanForSourceGeneratedMonoScriptInfo (0ms)
			ResolveRequiredComponents (13ms)
	FinalizeReload (1826ms)
		ReleaseScriptCaches (0ms)
		RebuildScriptCaches (0ms)
		SetupLoadedEditorAssemblies (823ms)
			LogAssemblyErrors (0ms)
			InitializePlatformSupportModulesInManaged (35ms)
			SetLoadedEditorAssemblies (5ms)
			RefreshPlugins (0ms)
			BeforeProcessingInitializeOnLoad (91ms)
			ProcessInitializeOnLoadAttributes (514ms)
			ProcessInitializeOnLoadMethodAttributes (162ms)
			AfterProcessingInitializeOnLoad (15ms)
			EditorAssembliesLoaded (0ms)
		ExecutionOrderSort2 (0ms)
		AwakeInstancesAfterBackupRestoration (21ms)
Refreshing native plugins compatible for Editor in 13.50 ms, found 4 plugins.
Preloading 0 native plugins for Editor in 0.00 ms.
Unloading 6952 Unused Serialized files (Serialized files now loaded: 0)
Unloading 69 unused Assets / (2.5 MB). Loaded Objects now: 7595.
Memory consumption went from 255.6 MB to 253.1 MB.
Total: 8.053700 ms (FindLiveObjects: 1.068000 ms CreateObjectMapping: 0.499700 ms MarkObjects: 4.492700 ms  DeleteObjects: 1.990000 ms)

Prepare: number of updated asset objects reloaded= 0
AssetImportParameters requested are different than current active one (requested -> active):
  custom:container-demuxer-ogg: 62fdf1f143b41e24485cea50d1cbac27 -> 
  custom:framework-win-MediaFoundation: 216162199b28c13a410421893ffa2e32 -> 
  custom:container-muxer-webm: aa71ff27fc2769a1b78a27578f13a17b -> 
  custom:video-decoder-webm-vp8: 9c59270c3fd7afecdb556c50c9e8de78 -> 
  custom:AudioImporter_EditorPlatform: d09bf68614088b80899f8185d706f6e7 -> 
  custom:audio-decoder-ogg-vorbis: bf7c407c2cedff20999df2af8eb42d56 -> 
  custom:audio-encoder-webm-vorbis: bf7c407c2cedff20999df2af8eb42d56 -> 
  custom:video-codec-MediaFoundation-h265: 746d11721c4dcdbdad8f713fa42b33f4 -> 
  custom:video-decoder-ogg-theora: a1e56fd34408186e4bbccfd4996cb3dc -> 
  custom:container-demuxer-webm: 4f35f7cbe854078d1ac9338744f61a02 -> 
  custom:video-encoder-webm-vp8: eb34c28f22e8b96e1ab97ce403110664 -> 
========================================================================
Received Import Request.
  Time since last request: 332.674849 seconds.
  path: Assets/AR/prefabs/cube r1.prefab
  artifactKey: Guid(a971804112df70d48b2d4d664f423106) Importer(815301076,1909f56bfc062723c751e8b465ee728b)
Start importing Assets/AR/prefabs/cube r1.prefab using Guid(a971804112df70d48b2d4d664f423106) Importer(815301076,1909f56bfc062723c751e8b465ee728b)  -> (artifact id: '0bd927d14d9ffb71fdeab44a20150a83') in 0.024586 seconds
Number of updated asset objects reloaded before import = 0
Number of asset objects unloaded after import = 6
========================================================================
Received Import Request.
  Time since last request: 39.348050 seconds.
  path: Assets/AR/prefabs/TreeSwitchRoot.prefab
  artifactKey: Guid(490539a547820644da5eef4bd77e5525) Importer(815301076,1909f56bfc062723c751e8b465ee728b)
Start importing Assets/AR/prefabs/TreeSwitchRoot.prefab using Guid(490539a547820644da5eef4bd77e5525) Importer(815301076,1909f56bfc062723c751e8b465ee728b)  -> (artifact id: 'fa106c34b983519dfd5beeac12303942') in 0.006667 seconds
Number of updated asset objects reloaded before import = 0
Number of asset objects unloaded after import = 635
========================================================================
Received Import Request.
  Time since last request: 324.846129 seconds.
  path: Assets/MobileARTemplateAssets/UI/Sprites/Icon-Cube_Lift.png
  artifactKey: Guid(d156fc03d649f4bc99679bac977609a3) Importer(815301076,1909f56bfc062723c751e8b465ee728b)
Start importing Assets/MobileARTemplateAssets/UI/Sprites/Icon-Cube_Lift.png using Guid(d156fc03d649f4bc99679bac977609a3) Importer(815301076,1909f56bfc062723c751e8b465ee728b)  -> (artifact id: '010fe0267add2bc5102fdbbec31f92cd') in 0.011834 seconds
Number of updated asset objects reloaded before import = 0
Number of asset objects unloaded after import = 2
========================================================================
Received Import Request.
  Time since last request: 0.012191 seconds.
  path: Assets/MobileARTemplateAssets/UI/Fonts/Inter-Regular_SDF_Underlay.asset
  artifactKey: Guid(338b87ec800b74d4786573b1fdd14c13) Importer(815301076,1909f56bfc062723c751e8b465ee728b)
Start importing Assets/MobileARTemplateAssets/UI/Fonts/Inter-Regular_SDF_Underlay.asset using Guid(338b87ec800b74d4786573b1fdd14c13) Importer(815301076,1909f56bfc062723c751e8b465ee728b)  -> (artifact id: 'a3d1070469b9d06ef988f5cb3be265a2') in 0.016953 seconds
Number of updated asset objects reloaded before import = 0
Number of asset objects unloaded after import = 3
========================================================================
Received Import Request.
  Time since last request: 0.001535 seconds.
  path: Assets/Samples/XR Interaction Toolkit/3.1.2/Starter Assets/DemoSceneAssets/Sprites/LegibilityMask.png
  artifactKey: Guid(a85d80c1edb5d2f458d42e79f78055b9) Importer(815301076,1909f56bfc062723c751e8b465ee728b)
Start importing Assets/Samples/XR Interaction Toolkit/3.1.2/Starter Assets/DemoSceneAssets/Sprites/LegibilityMask.png using Guid(a85d80c1edb5d2f458d42e79f78055b9) Importer(815301076,1909f56bfc062723c751e8b465ee728b)  -> (artifact id: '5b17dcdf9e2e87cc7487b73ac3363947') in 0.021625 seconds
Number of updated asset objects reloaded before import = 0
Number of asset objects unloaded after import = 2
========================================================================
Received Import Request.
  Time since last request: 0.000079 seconds.
  path: Assets/MobileARTemplateAssets/UI/Sprites/MixedCorners.png
  artifactKey: Guid(811ff44a671c34f55ab743fc4f8c3319) Importer(815301076,1909f56bfc062723c751e8b465ee728b)
Start importing Assets/MobileARTemplateAssets/UI/Sprites/MixedCorners.png using Guid(811ff44a671c34f55ab743fc4f8c3319) Importer(815301076,1909f56bfc062723c751e8b465ee728b)  -> (artifact id: 'fd6155f4c0c986d03d0808a62c7c35c2') in 0.004558 seconds
Number of updated asset objects reloaded before import = 0
Number of asset objects unloaded after import = 2
========================================================================
Received Import Request.
  Time since last request: 0.000018 seconds.
  path: Assets/TextMesh Pro/Resources/Fonts & Materials/LiberationSans SDF.asset
  artifactKey: Guid(8f586378b4e144a9851e7b34d9b748ee) Importer(815301076,1909f56bfc062723c751e8b465ee728b)
Start importing Assets/TextMesh Pro/Resources/Fonts & Materials/LiberationSans SDF.asset using Guid(8f586378b4e144a9851e7b34d9b748ee) Importer(815301076,1909f56bfc062723c751e8b465ee728b)  -> (artifact id: 'a65a69c5e2e2d6607d133ee97033b580') in 0.024762 seconds
Number of updated asset objects reloaded before import = 0
Number of asset objects unloaded after import = 8
========================================================================
Received Import Request.
  Time since last request: 0.025311 seconds.
  path: Assets/Samples/XR Interaction Toolkit/3.1.2/AR Starter Assets/Textures/PlanePatternDot.png
  artifactKey: Guid(bad94c7c5841e4b1eac9ec60ccaacb61) Importer(815301076,1909f56bfc062723c751e8b465ee728b)
Start importing Assets/Samples/XR Interaction Toolkit/3.1.2/AR Starter Assets/Textures/PlanePatternDot.png using Guid(bad94c7c5841e4b1eac9ec60ccaacb61) Importer(815301076,1909f56bfc062723c751e8b465ee728b)  -> (artifact id: '9818b30bd0e6ecfd3745355a1e00259c') in 0.004955 seconds
Number of updated asset objects reloaded before import = 0
Number of asset objects unloaded after import = 1
========================================================================
Received Import Request.
  Time since last request: 0.006204 seconds.
  path: Packages/com.unity.mobile.android-logcat/Editor/Textures/PlayOn.png
  artifactKey: Guid(1de78c08a38778745a17417b31e026a5) Importer(815301076,1909f56bfc062723c751e8b465ee728b)
Start importing Packages/com.unity.mobile.android-logcat/Editor/Textures/PlayOn.png using Guid(1de78c08a38778745a17417b31e026a5) Importer(815301076,1909f56bfc062723c751e8b465ee728b)  -> (artifact id: '582c3c7e9e41703fd44d1b8fd2ae56e1') in 0.001778 seconds
Number of updated asset objects reloaded before import = 0
Number of asset objects unloaded after import = 1
========================================================================
Received Import Request.
  Time since last request: 0.423285 seconds.
  path: Assets/MobileARTemplateAssets/UI/Sprites/Icon-SurfaceVisual.png
  artifactKey: Guid(3a4b02f0d013240a6bf58a4ffc88d105) Importer(815301076,1909f56bfc062723c751e8b465ee728b)
Start importing Assets/MobileARTemplateAssets/UI/Sprites/Icon-SurfaceVisual.png using Guid(3a4b02f0d013240a6bf58a4ffc88d105) Importer(815301076,1909f56bfc062723c751e8b465ee728b)  -> (artifact id: 'a41f6c61f7c70595052e431fee5cbe0f') in 0.003440 seconds
Number of updated asset objects reloaded before import = 0
Number of asset objects unloaded after import = 2
========================================================================
Received Import Request.
  Time since last request: 0.018357 seconds.
  path: Assets/MobileARTemplateAssets/UI/Sprites/Icon-ScaleAxisGizmo.png
  artifactKey: Guid(bd0fe3abc36404b2dbebd9ae74eb79c7) Importer(815301076,1909f56bfc062723c751e8b465ee728b)
Start importing Assets/MobileARTemplateAssets/UI/Sprites/Icon-ScaleAxisGizmo.png using Guid(bd0fe3abc36404b2dbebd9ae74eb79c7) Importer(815301076,1909f56bfc062723c751e8b465ee728b)  -> (artifact id: '526dc479a579598ab0fc87f191f494ce') in 0.002822 seconds
Number of updated asset objects reloaded before import = 0
Number of asset objects unloaded after import = 2
========================================================================
Received Import Request.
  Time since last request: 0.043532 seconds.
  path: Assets/MobileARTemplateAssets/UI/Sprites/Icon-RotateAxisGizmo.png
  artifactKey: Guid(5b761a716f9a14b1f96d86db91468013) Importer(815301076,1909f56bfc062723c751e8b465ee728b)
Start importing Assets/MobileARTemplateAssets/UI/Sprites/Icon-RotateAxisGizmo.png using Guid(5b761a716f9a14b1f96d86db91468013) Importer(815301076,1909f56bfc062723c751e8b465ee728b)  -> (artifact id: '430842058d909f521b5fc9b8da5fbed1') in 0.003903 seconds
Number of updated asset objects reloaded before import = 0
Number of asset objects unloaded after import = 2
========================================================================
Received Import Request.
  Time since last request: 0.099890 seconds.
  path: Assets/MobileARTemplateAssets/UI/Sprites/Icon-Debug.png
  artifactKey: Guid(ed3bd8bef796a438dac8b778a887af91) Importer(815301076,1909f56bfc062723c751e8b465ee728b)
Start importing Assets/MobileARTemplateAssets/UI/Sprites/Icon-Debug.png using Guid(ed3bd8bef796a438dac8b778a887af91) Importer(815301076,1909f56bfc062723c751e8b465ee728b)  -> (artifact id: '50fd199579e5581c1079e5f2c8cd2f16') in 0.003228 seconds
Number of updated asset objects reloaded before import = 0
Number of asset objects unloaded after import = 2
========================================================================
Received Import Request.
  Time since last request: 0.072089 seconds.
  path: Assets/MobileARTemplateAssets/UI/Sprites/Icon-Cube_Mask.png
  artifactKey: Guid(c5569763ab98341e98527947a9a50f49) Importer(815301076,1909f56bfc062723c751e8b465ee728b)
Start importing Assets/MobileARTemplateAssets/UI/Sprites/Icon-Cube_Mask.png using Guid(c5569763ab98341e98527947a9a50f49) Importer(815301076,1909f56bfc062723c751e8b465ee728b)  -> (artifact id: '00899976bdeb6216d57a1d28e738e6f0') in 0.002858 seconds
Number of updated asset objects reloaded before import = 0
Number of asset objects unloaded after import = 2
========================================================================
Received Import Request.
  Time since last request: 0.009055 seconds.
  path: Assets/MobileARTemplateAssets/UI/Sprites/Icon-Cube_Rotate.png
  artifactKey: Guid(23564d3378a9d4983988576f242089eb) Importer(815301076,1909f56bfc062723c751e8b465ee728b)
Start importing Assets/MobileARTemplateAssets/UI/Sprites/Icon-Cube_Rotate.png using Guid(23564d3378a9d4983988576f242089eb) Importer(815301076,1909f56bfc062723c751e8b465ee728b)  -> (artifact id: 'aab7b91a3debb04b68b4206bea9d5a98') in 0.002700 seconds
Number of updated asset objects reloaded before import = 0
Number of asset objects unloaded after import = 2
========================================================================
Received Import Request.
  Time since last request: 0.123331 seconds.
  path: Assets/Samples/XR Interaction Toolkit/3.1.2/AR Starter Assets/ARDemoSceneAssets/Sprites/Icon - Create.png
  artifactKey: Guid(7ec65d81ee53b4a76babde6fa254b6e1) Importer(815301076,1909f56bfc062723c751e8b465ee728b)
Start importing Assets/Samples/XR Interaction Toolkit/3.1.2/AR Starter Assets/ARDemoSceneAssets/Sprites/Icon - Create.png using Guid(7ec65d81ee53b4a76babde6fa254b6e1) Importer(815301076,1909f56bfc062723c751e8b465ee728b)  -> (artifact id: '85f60f0923ec3bd975ca97b5c01168c2') in 0.003413 seconds
Number of updated asset objects reloaded before import = 0
Number of asset objects unloaded after import = 2
========================================================================
Received Import Request.
  Time since last request: 0.011274 seconds.
  path: Assets/Samples/XR Interaction Toolkit/3.1.2/Starter Assets/DemoSceneAssets/Sprites/Forward.png
  artifactKey: Guid(f8ecc54972abacc46a93f671b0602139) Importer(815301076,1909f56bfc062723c751e8b465ee728b)
Start importing Assets/Samples/XR Interaction Toolkit/3.1.2/Starter Assets/DemoSceneAssets/Sprites/Forward.png using Guid(f8ecc54972abacc46a93f671b0602139) Importer(815301076,1909f56bfc062723c751e8b465ee728b)  -> (artifact id: '052faed3f9e0e6ac10881d720a6a2e0c') in 0.003133 seconds
Number of updated asset objects reloaded before import = 0
Number of asset objects unloaded after import = 2
========================================================================
Received Import Request.
  Time since last request: 585.539882 seconds.
  path: Assets/Settings/URP-Performant.asset
  artifactKey: Guid(d0e2fc18fe036412f8223b3b3d9ad574) Importer(815301076,1909f56bfc062723c751e8b465ee728b)
Start importing Assets/Settings/URP-Performant.asset using Guid(d0e2fc18fe036412f8223b3b3d9ad574) Importer(815301076,1909f56bfc062723c751e8b465ee728b)  -> (artifact id: 'cdc2e95134766f849e9695309d2fb6ad') in 0.002176 seconds
Number of updated asset objects reloaded before import = 0
Number of asset objects unloaded after import = 0
========================================================================
Received Import Request.
  Time since last request: 55.839988 seconds.
  path: Assets/AR/prefabs/TreeSwitchRoot.prefab
  artifactKey: Guid(490539a547820644da5eef4bd77e5525) Importer(815301076,1909f56bfc062723c751e8b465ee728b)
Start importing Assets/AR/prefabs/TreeSwitchRoot.prefab using Guid(490539a547820644da5eef4bd77e5525) Importer(815301076,1909f56bfc062723c751e8b465ee728b)  -> (artifact id: '5eff2b4893205fcf2d0c87e0c3b573b7') in 0.036402 seconds
Number of updated asset objects reloaded before import = 0
Number of asset objects unloaded after import = 640
========================================================================
Received Prepare
Begin MonoManager ReloadAssembly
- Loaded All Assemblies, in  7.761 seconds
Refreshing native plugins compatible for Editor in 23.29 ms, found 4 plugins.
Native extension for WindowsStandalone target not found
Native extension for iOS target not found
Native extension for Android target not found
Mono: successfully reloaded assembly
[Package Manager] Server::EnsureServerProcessIsRunning -- launch failed, reason: Unity was launched with the -noUpm command-line argument
[Package Manager] UpmClient::Send -- Unable to send message (not connected to UPM process).
[Package Manager] Cannot connect to Unity Package Manager local server
- Finished resetting the current domain, in 21.997 seconds
Domain Reload Profiling: 29742ms
	BeginReloadAssembly (1475ms)
		ExecutionOrderSort (0ms)
		DisableScriptedObjects (36ms)
		BackupInstance (0ms)
		ReleaseScriptingObjects (3ms)
		CreateAndSetChildDomain (862ms)
	RebuildCommonClasses (94ms)
	RebuildNativeTypeToScriptingClass (28ms)
	initialDomainReloadingComplete (128ms)
	LoadAllAssembliesAndSetupDomain (6017ms)
		LoadAssemblies (5077ms)
		RebuildTransferFunctionScriptingTraits (0ms)
		AnalyzeDomain (1220ms)
			TypeCache.Refresh (1168ms)
				TypeCache.ScanAssembly (898ms)
			ScanForSourceGeneratedMonoScriptInfo (2ms)
			ResolveRequiredComponents (50ms)
	FinalizeReload (21999ms)
		ReleaseScriptCaches (0ms)
		RebuildScriptCaches (0ms)
		SetupLoadedEditorAssemblies (1692ms)
			LogAssemblyErrors (0ms)
			InitializePlatformSupportModulesInManaged (81ms)
			SetLoadedEditorAssemblies (10ms)
			RefreshPlugins (0ms)
			BeforeProcessingInitializeOnLoad (185ms)
			ProcessInitializeOnLoadAttributes (1106ms)
			ProcessInitializeOnLoadMethodAttributes (275ms)
			AfterProcessingInitializeOnLoad (34ms)
			EditorAssembliesLoaded (1ms)
		ExecutionOrderSort2 (0ms)
		AwakeInstancesAfterBackupRestoration (36ms)
Refreshing native plugins compatible for Editor in 12.29 ms, found 4 plugins.
Preloading 0 native plugins for Editor in 0.00 ms.
Unloading 6952 Unused Serialized files (Serialized files now loaded: 0)
Unloading 69 unused Assets / (2.6 MB). Loaded Objects now: 7600.
Memory consumption went from 255.7 MB to 253.1 MB.
Total: 8.672800 ms (FindLiveObjects: 0.698300 ms CreateObjectMapping: 0.352100 ms MarkObjects: 6.080100 ms  DeleteObjects: 1.540100 ms)

Prepare: number of updated asset objects reloaded= 0
AssetImportParameters requested are different than current active one (requested -> active):
  custom:container-demuxer-ogg: 62fdf1f143b41e24485cea50d1cbac27 -> 
  custom:framework-win-MediaFoundation: 216162199b28c13a410421893ffa2e32 -> 
  custom:container-muxer-webm: aa71ff27fc2769a1b78a27578f13a17b -> 
  custom:video-decoder-webm-vp8: 9c59270c3fd7afecdb556c50c9e8de78 -> 
  custom:AudioImporter_EditorPlatform: d09bf68614088b80899f8185d706f6e7 -> 
  custom:audio-decoder-ogg-vorbis: bf7c407c2cedff20999df2af8eb42d56 -> 
  custom:audio-encoder-webm-vorbis: bf7c407c2cedff20999df2af8eb42d56 -> 
  custom:video-codec-MediaFoundation-h265: 746d11721c4dcdbdad8f713fa42b33f4 -> 
  custom:video-decoder-ogg-theora: a1e56fd34408186e4bbccfd4996cb3dc -> 
  custom:container-demuxer-webm: 4f35f7cbe854078d1ac9338744f61a02 -> 
  custom:video-encoder-webm-vp8: eb34c28f22e8b96e1ab97ce403110664 -> 
========================================================================
Received Import Request.
  Time since last request: 1130.258668 seconds.
  path: Assets/AR/prefabs/TreeSwitchRoot.prefab
  artifactKey: Guid(490539a547820644da5eef4bd77e5525) Importer(815301076,1909f56bfc062723c751e8b465ee728b)
Start importing Assets/AR/prefabs/TreeSwitchRoot.prefab using Guid(490539a547820644da5eef4bd77e5525) Importer(815301076,1909f56bfc062723c751e8b465ee728b)  -> (artifact id: '635c624e6b878035c8a20d42e931c528') in 0.033110 seconds
Number of updated asset objects reloaded before import = 0
Number of asset objects unloaded after import = 1180
========================================================================
Received Prepare
Begin MonoManager ReloadAssembly
- Loaded All Assemblies, in  1.486 seconds
Refreshing native plugins compatible for Editor in 16.35 ms, found 4 plugins.
Native extension for WindowsStandalone target not found
Native extension for iOS target not found
Native extension for Android target not found
Mono: successfully reloaded assembly
[Package Manager] Server::EnsureServerProcessIsRunning -- launch failed, reason: Unity was launched with the -noUpm command-line argument
[Package Manager] UpmClient::Send -- Unable to send message (not connected to UPM process).
[Package Manager] Cannot connect to Unity Package Manager local server
- Finished resetting the current domain, in  3.329 seconds
Domain Reload Profiling: 4805ms
	BeginReloadAssembly (289ms)
		ExecutionOrderSort (0ms)
		DisableScriptedObjects (6ms)
		BackupInstance (0ms)
		ReleaseScriptingObjects (0ms)
		CreateAndSetChildDomain (67ms)
	RebuildCommonClasses (56ms)
	RebuildNativeTypeToScriptingClass (18ms)
	initialDomainReloadingComplete (59ms)
	LoadAllAssembliesAndSetupDomain (1052ms)
		LoadAssemblies (616ms)
		RebuildTransferFunctionScriptingTraits (0ms)
		AnalyzeDomain (572ms)
			TypeCache.Refresh (543ms)
				TypeCache.ScanAssembly (526ms)
			ScanForSourceGeneratedMonoScriptInfo (0ms)
			ResolveRequiredComponents (29ms)
	FinalizeReload (3330ms)
		ReleaseScriptCaches (0ms)
		RebuildScriptCaches (0ms)
		SetupLoadedEditorAssemblies (1468ms)
			LogAssemblyErrors (0ms)
			InitializePlatformSupportModulesInManaged (59ms)
			SetLoadedEditorAssemblies (6ms)
			RefreshPlugins (0ms)
			BeforeProcessingInitializeOnLoad (184ms)
			ProcessInitializeOnLoadAttributes (879ms)
			ProcessInitializeOnLoadMethodAttributes (319ms)
			AfterProcessingInitializeOnLoad (20ms)
			EditorAssembliesLoaded (2ms)
		ExecutionOrderSort2 (0ms)
		AwakeInstancesAfterBackupRestoration (31ms)
Refreshing native plugins compatible for Editor in 34.47 ms, found 4 plugins.
Preloading 0 native plugins for Editor in 0.00 ms.
Unloading 6952 Unused Serialized files (Serialized files now loaded: 0)
Unloading 69 unused Assets / (2.6 MB). Loaded Objects now: 7605.
Memory consumption went from 255.8 MB to 253.1 MB.
Total: 14.857000 ms (FindLiveObjects: 1.333700 ms CreateObjectMapping: 1.022600 ms MarkObjects: 8.456900 ms  DeleteObjects: 4.040600 ms)

Prepare: number of updated asset objects reloaded= 0
AssetImportParameters requested are different than current active one (requested -> active):
  custom:container-demuxer-ogg: 62fdf1f143b41e24485cea50d1cbac27 -> 
  custom:framework-win-MediaFoundation: 216162199b28c13a410421893ffa2e32 -> 
  custom:container-muxer-webm: aa71ff27fc2769a1b78a27578f13a17b -> 
  custom:video-decoder-webm-vp8: 9c59270c3fd7afecdb556c50c9e8de78 -> 
  custom:AudioImporter_EditorPlatform: d09bf68614088b80899f8185d706f6e7 -> 
  custom:audio-decoder-ogg-vorbis: bf7c407c2cedff20999df2af8eb42d56 -> 
  custom:audio-encoder-webm-vorbis: bf7c407c2cedff20999df2af8eb42d56 -> 
  custom:video-codec-MediaFoundation-h265: 746d11721c4dcdbdad8f713fa42b33f4 -> 
  custom:video-decoder-ogg-theora: a1e56fd34408186e4bbccfd4996cb3dc -> 
  custom:container-demuxer-webm: 4f35f7cbe854078d1ac9338744f61a02 -> 
  custom:video-encoder-webm-vp8: eb34c28f22e8b96e1ab97ce403110664 -> 
========================================================================
Received Prepare
Begin MonoManager ReloadAssembly
- Loaded All Assemblies, in  1.410 seconds
Refreshing native plugins compatible for Editor in 15.35 ms, found 4 plugins.
Native extension for WindowsStandalone target not found
Native extension for iOS target not found
Native extension for Android target not found
Mono: successfully reloaded assembly
[Package Manager] Server::EnsureServerProcessIsRunning -- launch failed, reason: Unity was launched with the -noUpm command-line argument
[Package Manager] UpmClient::Send -- Unable to send message (not connected to UPM process).
[Package Manager] Cannot connect to Unity Package Manager local server
- Finished resetting the current domain, in  3.214 seconds
Domain Reload Profiling: 4610ms
	BeginReloadAssembly (273ms)
		ExecutionOrderSort (0ms)
		DisableScriptedObjects (5ms)
		BackupInstance (0ms)
		ReleaseScriptingObjects (0ms)
		CreateAndSetChildDomain (70ms)
	RebuildCommonClasses (67ms)
	RebuildNativeTypeToScriptingClass (24ms)
	initialDomainReloadingComplete (71ms)
	LoadAllAssembliesAndSetupDomain (960ms)
		LoadAssemblies (565ms)
		RebuildTransferFunctionScriptingTraits (0ms)
		AnalyzeDomain (510ms)
			TypeCache.Refresh (487ms)
				TypeCache.ScanAssembly (469ms)
			ScanForSourceGeneratedMonoScriptInfo (0ms)
			ResolveRequiredComponents (23ms)
	FinalizeReload (3216ms)
		ReleaseScriptCaches (0ms)
		RebuildScriptCaches (0ms)
		SetupLoadedEditorAssemblies (1492ms)
			LogAssemblyErrors (0ms)
			InitializePlatformSupportModulesInManaged (83ms)
			SetLoadedEditorAssemblies (7ms)
			RefreshPlugins (0ms)
			BeforeProcessingInitializeOnLoad (178ms)
			ProcessInitializeOnLoadAttributes (873ms)
			ProcessInitializeOnLoadMethodAttributes (315ms)
			AfterProcessingInitializeOnLoad (33ms)
			EditorAssembliesLoaded (3ms)
		ExecutionOrderSort2 (0ms)
		AwakeInstancesAfterBackupRestoration (56ms)
Refreshing native plugins compatible for Editor in 28.20 ms, found 4 plugins.
Preloading 0 native plugins for Editor in 0.00 ms.
Unloading 6952 Unused Serialized files (Serialized files now loaded: 0)
Unloading 69 unused Assets / (2.7 MB). Loaded Objects now: 7610.
Memory consumption went from 255.8 MB to 253.2 MB.
Total: 11.467400 ms (FindLiveObjects: 0.650400 ms CreateObjectMapping: 0.465500 ms MarkObjects: 7.414500 ms  DeleteObjects: 2.934300 ms)

Prepare: number of updated asset objects reloaded= 0
AssetImportParameters requested are different than current active one (requested -> active):
  custom:container-demuxer-ogg: 62fdf1f143b41e24485cea50d1cbac27 -> 
  custom:framework-win-MediaFoundation: 216162199b28c13a410421893ffa2e32 -> 
  custom:container-muxer-webm: aa71ff27fc2769a1b78a27578f13a17b -> 
  custom:video-decoder-webm-vp8: 9c59270c3fd7afecdb556c50c9e8de78 -> 
  custom:AudioImporter_EditorPlatform: d09bf68614088b80899f8185d706f6e7 -> 
  custom:audio-decoder-ogg-vorbis: bf7c407c2cedff20999df2af8eb42d56 -> 
  custom:audio-encoder-webm-vorbis: bf7c407c2cedff20999df2af8eb42d56 -> 
  custom:video-codec-MediaFoundation-h265: 746d11721c4dcdbdad8f713fa42b33f4 -> 
  custom:video-decoder-ogg-theora: a1e56fd34408186e4bbccfd4996cb3dc -> 
  custom:container-demuxer-webm: 4f35f7cbe854078d1ac9338744f61a02 -> 
  custom:video-encoder-webm-vp8: eb34c28f22e8b96e1ab97ce403110664 -> 
========================================================================
Received Prepare
Begin MonoManager ReloadAssembly
- Loaded All Assemblies, in  0.904 seconds
Refreshing native plugins compatible for Editor in 13.34 ms, found 4 plugins.
Native extension for WindowsStandalone target not found
Native extension for iOS target not found
Native extension for Android target not found
Mono: successfully reloaded assembly
[Package Manager] Server::EnsureServerProcessIsRunning -- launch failed, reason: Unity was launched with the -noUpm command-line argument
[Package Manager] UpmClient::Send -- Unable to send message (not connected to UPM process).
[Package Manager] Cannot connect to Unity Package Manager local server
- Finished resetting the current domain, in  2.546 seconds
Domain Reload Profiling: 3448ms
	BeginReloadAssembly (181ms)
		ExecutionOrderSort (0ms)
		DisableScriptedObjects (6ms)
		BackupInstance (0ms)
		ReleaseScriptingObjects (0ms)
		CreateAndSetChildDomain (47ms)
	RebuildCommonClasses (35ms)
	RebuildNativeTypeToScriptingClass (13ms)
	initialDomainReloadingComplete (37ms)
	LoadAllAssembliesAndSetupDomain (634ms)
		LoadAssemblies (368ms)
		RebuildTransferFunctionScriptingTraits (0ms)
		AnalyzeDomain (336ms)
			TypeCache.Refresh (317ms)
				TypeCache.ScanAssembly (304ms)
			ScanForSourceGeneratedMonoScriptInfo (0ms)
			ResolveRequiredComponents (19ms)
	FinalizeReload (2548ms)
		ReleaseScriptCaches (0ms)
		RebuildScriptCaches (0ms)
		SetupLoadedEditorAssemblies (1490ms)
			LogAssemblyErrors (0ms)
			InitializePlatformSupportModulesInManaged (54ms)
			SetLoadedEditorAssemblies (5ms)
			RefreshPlugins (0ms)
			BeforeProcessingInitializeOnLoad (184ms)
			ProcessInitializeOnLoadAttributes (957ms)
			ProcessInitializeOnLoadMethodAttributes (267ms)
			AfterProcessingInitializeOnLoad (24ms)
			EditorAssembliesLoaded (1ms)
		ExecutionOrderSort2 (0ms)
		AwakeInstancesAfterBackupRestoration (32ms)
Refreshing native plugins compatible for Editor in 27.08 ms, found 4 plugins.
Preloading 0 native plugins for Editor in 0.00 ms.
Unloading 6952 Unused Serialized files (Serialized files now loaded: 0)
Unloading 69 unused Assets / (2.6 MB). Loaded Objects now: 7615.
Memory consumption went from 255.7 MB to 253.2 MB.
Total: 12.172900 ms (FindLiveObjects: 0.862900 ms CreateObjectMapping: 0.452000 ms MarkObjects: 7.932100 ms  DeleteObjects: 2.921700 ms)

Prepare: number of updated asset objects reloaded= 0
AssetImportParameters requested are different than current active one (requested -> active):
  custom:container-demuxer-ogg: 62fdf1f143b41e24485cea50d1cbac27 -> 
  custom:framework-win-MediaFoundation: 216162199b28c13a410421893ffa2e32 -> 
  custom:container-muxer-webm: aa71ff27fc2769a1b78a27578f13a17b -> 
  custom:video-decoder-webm-vp8: 9c59270c3fd7afecdb556c50c9e8de78 -> 
  custom:AudioImporter_EditorPlatform: d09bf68614088b80899f8185d706f6e7 -> 
  custom:audio-decoder-ogg-vorbis: bf7c407c2cedff20999df2af8eb42d56 -> 
  custom:audio-encoder-webm-vorbis: bf7c407c2cedff20999df2af8eb42d56 -> 
  custom:video-codec-MediaFoundation-h265: 746d11721c4dcdbdad8f713fa42b33f4 -> 
  custom:video-decoder-ogg-theora: a1e56fd34408186e4bbccfd4996cb3dc -> 
  custom:container-demuxer-webm: 4f35f7cbe854078d1ac9338744f61a02 -> 
  custom:video-encoder-webm-vp8: eb34c28f22e8b96e1ab97ce403110664 -> 
